---
source: crates/ergotop/src/ui/mod.rs
expression: s
---
 ERGOTOP   Block #1,886,101  ERG $0.3262  4 tx · 22.3 KB  mempool 1% of block                       
┌ NEXT BLOCK  4 tx · 22.3 KB / 1.21 MB (1%) ───────────────────────────────────────────────────────┐
│                                                                                                  │
│                                                                                                  │
│                                                                                                  │
│                                                                                                  │
│                                                                                                  │
│                                                                                                  │
│▀ ▀ ▀ ▀ ▀ ▀ ▀ ▀ ▀ ▀ ▀ ▀ ▀ ▀ ▀ ▀ ▀ ▀ ▀ ▀ ▀ ▀ ▀ ▀ ▀ ▀ ▀ ▀ ▀ ▀ ▀ ▀ ▀ ▀ ▀ ▀ ▀ ▀ ▀ ▀ ▀ ▀ ▀ ▀ ▀ ▀ ▀ ▀ ▀ │
│                                                                                                  │
│                                                                                                  │
│                                                                                                  │
│                                                                                                  │
│                                                                                                  │
│                                                                                                  │
│                                                                                                  │
│                                                                                                  │
│                                                                                                  │
│                                                                                                  │
│                                                                                                  │
│                                                                                                  │
│                                                                                                  │
│                                                                                                  │
│                                                                                                  │
│▀▀▀▀▀▀                                                                                            │
│▀▀▀▀▀▀▄▄▄                                                                                         │
│▀▀▀▀▀▀▀▀▀▀▀▀▀                                                                                     │
│■ Contract 2  ■ Kucoin 1  ■ P2P 1                                                                 │
└──────────────────────────────────────────────────────────────────────────────────────────────────┘
 ● node-a · 1s ago                1 2 3 views  / filter  s sort  c copy  e explorer  ? help  q quit
