---
source: crates/ergotop/src/ui/mod.rs
expression: s
---
 ERGOTOP   Block #1,886,101  ERG $0.3262  4 tx · 22.3 KB  mempool 1% of block                                           
┌ NEXT BLOCK  4 tx · 22.3 KB / 1.21 MB (1%) ───────────────────────────────────────────────────────────────────────────┐
│                                                                                                                      │
│        ┌ TRANSACTION ───────────────────────────────────────────────────────────────────────────────────────┐        │
│        │ID          a100000000000000000000000000000000000000000000000000000000000000                        │        │
│        │Origin      Kucoin (Exchange)                                                                       │        │
│        │Fee         0.0015 ERG                                                                              │        │
│        │Fee rate    3,640 n/B                                                                               │        │
│        │Value       12.00 ERG                                                                               │        │
│▀ ▀ ▀ ▀ │Size        412 B                                                                                   │▀ ▀ ▀ ▀ │
│        │Seen        30s ago by node-a, p2p                                                                  │        │
│        │                                                                                                    │        │
│        │INPUTS (1)                                                                                          │        │
│        │  Kucoin                            12.0015 ERG                                                     │        │
│        │                                                                                                    │        │
│        │OUTPUTS (2)                                                                                         │        │
│        │  9guaDYhH…Ym3Rsq                   12.0000 ERG                                                     │        │
│        │  fee                                0.0015 ERG                                                     │        │
│        │                                                                                                    │        │
│        │c: copy id · e: open in explorer · Esc: close                                                       │        │
│        │                                                                                                    │        │
│        │                                                                                                    │        │
│        │                                                                                                    │        │
│        │                                                                                                    │        │
│        │                                                                                                    │        │
│        │                                                                                                    │        │
│        │                                                                                                    │        │
│        │                                                                                                    │        │
│▀▀▀▀▀▀  │                                                                                                    │        │
│▀▀▀▀▀▀▄▄│                                                                                                    │        │
│▀▀▀▀▀▀▀▀└────────────────────────────────────────────────────────────────────────────────────────────────────┘        │
│■ Contract 2  ■ Kucoin 1  ■ P2P 1                                                                                     │
└──────────────────────────────────────────────────────────────────────────────────────────────────────────────────────┘
 ● node-a  [node-a● p2p●]                             1 2 3 views  / filter  s sort  c copy  e explorer  ? help  q quit
