---
source: crates/ergotop/src/ui/mod.rs
expression: s
---
 ERGOTOP   Block #1,886,101  ERG $0.3262  4 tx · 22.3 KB  mempool 1% of block                                                               
┌ MEMPOOL ──────────────────────┐┌ NEXT BLOCK  4 tx · 22.3 KB / 1.21 MB (1%) ──────────────────────────┐┌ NETWORK ─────────────────────────┐
│░░░░░░░░░░░░░░░░░░░░░░░░ 1%    ││                                                                     ││Source      node-a (node)         │
│22.3 KB / 1.21 MB              ││                                                                     ││Height      1,886,101             │
│Total fees  0.0146 ERG (<$0.01)││▄ ▄ ▄ ▄ ▄ ▄ ▄ ▄ ▄ ▄ ▄ ▄ ▄ ▄ ▄ ▄ ▄ ▄ ▄ ▄ ▄ ▄ ▄ ▄ ▄ ▄ ▄ ▄ ▄ ▄ ▄ ▄ ▄ ▄ ▄││Peers       31                    │
│Rate p50/90 930 / 3,666 n/B    ││                                                                     ││Node        6.0.1                 │
│To get in   any fee            ││                                                                     ││Index lag   0                     │
│Avg size    5.6 KB             ││                                                                     ││Max block   1.21 MB               │
│Largest     19.5 KB            ││                                                                     ││Mempool     4 tx                  │
│Oldest      30s                ││                                                                     │└──────────────────────────────────┘
└───────────────────────────────┘│                                                                     │┌ ORIGINS ─────────────────────────┐
┌ RECENT BLOCKS ────────────────┐│▀▀▀▀▀▀                                                               ││■ Contract     ██████ 50%         │
│#1,886,101 2Miners   1tx 1m 30s││▀▀▀▀▀▀▄▄▄                                                            ││■ Kucoin       ███ 25%            │
│                               ││▀▀▀▀▀▀▀▀▀▀▀▀▀                                                        ││■ P2P          ███ 25%            │
│                               ││■ Contract 2  ■ Kucoin 1  ■ P2P 1                                    ││                                  │
│                               │└─────────────────────────────────────────────────────────────────────┘│                                  │
│                               │┌ TRANSACTIONS 4 · sort:rate ▼ ───────────────────────────────────────┐│                                  │
│                               ││ID       Origin           Rate▼     Fee      Value      Size     Age ││                                  │
│                               ││c3000000 ■ P2P            3,666  0.0011       1.00     300 B     30s ││                                  │
│                               ││a1000000 ■ Kucoin         3,640  0.0015      12.00     412 B     30s │└──────────────────────────────────┘
│                               ││b2000000 ■ Contract         930  0.0020       5.00    2.1 KB     30s │┌ SELECTED ────────────────────────┐
│                               ││d4000000 ■ Contract         500  0.0100     100.00   19.5 KB     30s ││ID          c3000000              │
│                               ││                                                                     ││Origin      P2P                   │
│                               ││                                                                     ││Fee         0.0011 ERG            │
│                               ││                                                                     ││Value       1.00 ERG ($0.33)      │
│                               ││                                                                     ││Fee rate    3,666 n/B             │
│                               ││                                                                     ││Size        300 B                 │
│                               ││                                                                     ││Seen        30s ago               │
│                               ││                                                                     ││Sources     node-a                │
│                               ││                                                                     ││In / Out    1 / 2                 │
│                               ││                                                                     ││Enter: full detail                │
│                               ││                                                                     ││                                  │
│                               ││                                                                     ││                                  │
│                               ││                                                                     ││                                  │
│                               ││                                                                     ││                                  │
│                               ││                                                                     ││                                  │
│                               ││                                                                     ││                                  │
│                               ││                                                                     ││                                  │
└───────────────────────────────┘└─────────────────────────────────────────────────────────────────────┘└──────────────────────────────────┘
 ● node-a · 1s ago  [node-a● p2p●]                                        1 2 3 views  / filter  s sort  c copy  e explorer  ? help  q quit
